// Jest Snapshot v1, https://goo.gl/fbAQLP

exports[`comp6 should match snapshot 1`] = `
<div>
  <p>
    Hello Vue!
  </p>
   
  <input />
</div>
`;
