// Jest Snapshot v1, https://goo.gl/fbAQLP

exports[`comp7 should match snapshot 1`] = `
<v-list-stub>
  <todo-item-stub
    todo="[object Object]"
  />
  <todo-item-stub
    todo="[object Object]"
  />
  <todo-item-stub
    todo="[object Object]"
  />
</v-list-stub>
`;
