// Jest Snapshot v1, https://goo.gl/fbAQLP

exports[`Dashboard should match snapshot 1`] = `
<div>
  <h1>
    Dashboard
  </h1>
  
  Hello Authenticated!

</div>
`;
