// Jest Snapshot v1, https://goo.gl/fbAQLP

exports[`Footer should match snapshot 1`] = `
<v-footer-stub
  app=""
  height="32"
>
  <v-spacer-stub />
  
  Â© 2019 - Denny Biasiolli
  
  <v-spacer-stub />
</v-footer-stub>
`;
