// Jest Snapshot v1, https://goo.gl/fbAQLP

exports[`todoItem should match snapshot 1`] = `
<li>
  ciao
</li>
`;
