// Jest Snapshot v1, https://goo.gl/fbAQLP

exports[`App should match snapshot 1`] = `
<div
  class="application theme--light"
  data-app="true"
  id="app"
>
  <div
    class="application--wrap"
  >
    <!---->
     
    <!---->
     
    <main
      class="content"
      style="padding: 0px 0px 0px 0px;"
    >
      <div
        class="content--wrap"
      >
        <div
          class="container fluid"
        >
          <!---->
        </div>
      </div>
    </main>
     
    <footer
      class="footer footer--fixed"
      style="height: 32px;"
    >
      <div
        class="spacer"
      />
      
    Â© 2018 - Denny Biasiolli
    
      <div
        class="spacer"
      />
    </footer>
  </div>
</div>
`;
