// Jest Snapshot v1, https://goo.gl/fbAQLP

exports[`comp1 should match snapshot 1`] = `
<div>
  Hello Vue!
</div>
`;
